[    0.000000] Linux version 4.15.0-20-generic (buildd@lgw01-amd64-039) (gcc version 7.3.0 (Ubuntu 7.3.0-16ubuntu3)) #21-Ubuntu SMP Tue Apr 24 06:16:15 UTC 2018 (Ubuntu 4.15.0-20.21-generic 4.15.17)
[    0.000000] Command line: BOOT_IMAGE=/boot/vmlinuz-4.15.0-20-generic root=LABEL=cloudimg-rootfs ro console=tty1 console=ttyS0
[    0.000000] KERNEL supported cpus:
[    0.000000]   Intel GenuineIntel
[    0.000000]   AMD AuthenticAMD
[    0.000000]   Centaur CentaurHauls
[    0.000000] x86/fpu: Supporting XSAVE feature 0x001: 'x87 floating point registers'
[    0.000000] x86/fpu: Supporting XSAVE feature 0x002: 'SSE registers'
[    0.000000] x86/fpu: Supporting XSAVE feature 0x004: 'AVX registers'
[    0.000000] x86/fpu: xstate_offset[2]:  576, xstate_sizes[2]:  256
[    0.000000] x86/fpu: Enabled xstate features 0x7, context size is 832 bytes, using 'standard' format.
[    0.000000] e820: BIOS-provided physical RAM map:
[    0.000000] BIOS-e820: [mem 0x0000000000000000-0x000000000009fbff] usable
[    0.000000] BIOS-e820: [mem 0x000000000009fc00-0x000000000009ffff] reserved
[    0.000000] BIOS-e820: [mem 0x00000000000f0000-0x00000000000fffff] reserved
[    0.000000] BIOS-e820: [mem 0x0000000000100000-0x000000003ffeffff] usable
[    0.000000] BIOS-e820: [mem 0x000000003fff0000-0x000000003fffffff] ACPI data
[    0.000000] BIOS-e820: [mem 0x00000000fec00000-0x00000000fec00fff] reserved
[    0.000000] BIOS-e820: [mem 0x00000000fee00000-0x00000000fee00fff] reserved
[    0.000000] BIOS-e820: [mem 0x00000000fffc0000-0x00000000ffffffff] reserved
[    0.000000] NX (Execute Disable) protection: active
[    0.000000] random: fast init done
[    0.000000] SMBIOS 2.5 present.
[    0.000000] DMI: innotek GmbH VirtualBox/VirtualBox, BIOS VirtualBox 12/01/2006
[    0.000000] Hypervisor detected: KVM
[    0.000000] e820: last_pfn = 0x3fff0 max_arch_pfn = 0x400000000
[    0.000000] MTRR: Disabled
[    0.000000] x86/PAT: MTRRs disabled, skipping PAT initialization too.
[    0.000000] CPU MTRRs all blank - virtualized system.
[    0.000000] x86/PAT: Configuration [0-7]: WB  WT  UC- UC  WB  WT  UC- UC  
[    0.000000] found SMP MP-table at [mem 0x0009fff0-0x0009ffff] mapped at [        (ptrval)]
[    0.000000] Scanning 1 areas for low memory corruption
[    0.000000] RAMDISK: [mem 0x35ac9000-0x36d5bfff]
[    0.000000] ACPI: Early table checksum verification disabled
[    0.000000] ACPI: RSDP 0x00000000000E0000 000024 (v02 VBOX  )
[    0.000000] ACPI: XSDT 0x000000003FFF0030 00003C (v01 VBOX   VBOXXSDT 00000001 ASL  00000061)
[    0.000000] ACPI: FACP 0x000000003FFF00F0 0000F4 (v04 VBOX   VBOXFACP 00000001 ASL  00000061)
[    0.000000] ACPI: DSDT 0x000000003FFF0470 002325 (v02 VBOX   VBOXBIOS 00000002 INTL 20120111)
[    0.000000] ACPI: FACS 0x000000003FFF0200 000040
[    0.000000] ACPI: FACS 0x000000003FFF0200 000040
[    0.000000] ACPI: APIC 0x000000003FFF0240 00005C (v02 VBOX   VBOXAPIC 00000001 ASL  00000061)
[    0.000000] ACPI: SSDT 0x000000003FFF02A0 0001CC (v01 VBOX   VBOXCPUT 00000002 INTL 20120111)
[    0.000000] No NUMA configuration found
[    0.000000] Faking a node at [mem 0x0000000000000000-0x000000003ffeffff]
[    0.000000] NODE_DATA(0) allocated [mem 0x3ffc5000-0x3ffeffff]
[    0.000000] kvm-clock: cpu 0, msr 0:3ff44001, primary cpu clock
[    0.000000] kvm-clock: Using msrs 4b564d01 and 4b564d00
[    0.000000] kvm-clock: using sched offset of 7902082208 cycles
[    0.000000] clocksource: kvm-clock: mask: 0xffffffffffffffff max_cycles: 0x1cd42e4dffb, max_idle_ns: 881590591483 ns
[    0.000000] Zone ranges:
[    0.000000]   DMA      [mem 0x0000000000001000-0x0000000000ffffff]
[    0.000000]   DMA32    [mem 0x0000000001000000-0x000000003ffeffff]
[    0.000000]   Normal   empty
[    0.000000]   Device   empty
[    0.000000] Movable zone start for each node
[    0.000000] Early memory node ranges
[    0.000000]   node   0: [mem 0x0000000000001000-0x000000000009efff]
[    0.000000]   node   0: [mem 0x0000000000100000-0x000000003ffeffff]
[    0.000000] Initmem setup node 0 [mem 0x0000000000001000-0x000000003ffeffff]
[    0.000000] Reserved but unavailable: 98 pages
[    0.000000] ACPI: PM-Timer IO Port: 0x4008
[    0.000000] IOAPIC[0]: apic_id 2, version 32, address 0xfec00000, GSI 0-23
[    0.000000] ACPI: INT_SRC_OVR (bus 0 bus_irq 0 global_irq 2 dfl dfl)
[    0.000000] ACPI: INT_SRC_OVR (bus 0 bus_irq 9 global_irq 9 low level)
[    0.000000] Using ACPI (MADT) for SMP configuration information
[    0.000000] smpboot: Allowing 2 CPUs, 0 hotplug CPUs
[    0.000000] PM: Registered nosave memory: [mem 0x00000000-0x00000fff]
[    0.000000] PM: Registered nosave memory: [mem 0x0009f000-0x0009ffff]
[    0.000000] PM: Registered nosave memory: [mem 0x000a0000-0x000effff]
[    0.000000] PM: Registered nosave memory: [mem 0x000f0000-0x000fffff]
[    0.000000] e820: [mem 0x40000000-0xfebfffff] available for PCI devices
[    0.000000] Booting paravirtualized kernel on KVM
[    0.000000] clocksource: refined-jiffies: mask: 0xffffffff max_cycles: 0xffffffff, max_idle_ns: 7645519600211568 ns
[    0.000000] setup_percpu: NR_CPUS:8192 nr_cpumask_bits:2 nr_cpu_ids:2 nr_node_ids:1
[    0.000000] percpu: Embedded 46 pages/cpu @        (ptrval) s151552 r8192 d28672 u1048576
[    0.000000] PV qspinlock hash table entries: 256 (order: 0, 4096 bytes)
[    0.000000] Built 1 zonelists, mobility grouping on.  Total pages: 257913
[    0.000000] Policy zone: DMA32
[    0.000000] Kernel command line: BOOT_IMAGE=/boot/vmlinuz-4.15.0-20-generic root=LABEL=cloudimg-rootfs ro console=tty1 console=ttyS0
[    0.000000] Memory: 983568K/1048120K available (12300K kernel code, 2470K rwdata, 4240K rodata, 2404K init, 2416K bss, 64552K reserved, 0K cma-reserved)
[    0.000000] SLUB: HWalign=64, Order=0-3, MinObjects=0, CPUs=2, Nodes=1
[    0.000000] Kernel/User page tables isolation: enabled
[    0.000000] ftrace: allocating 39065 entries in 153 pages
[    0.004000] Hierarchical RCU implementation.
[    0.004000] 	RCU restricting CPUs from NR_CPUS=8192 to nr_cpu_ids=2.
[    0.004000] 	Tasks RCU enabled.
[    0.004000] RCU: Adjusting geometry for rcu_fanout_leaf=16, nr_cpu_ids=2
[    0.004000] NR_IRQS: 524544, nr_irqs: 440, preallocated irqs: 16
[    0.004000] Console: colour VGA+ 80x25
[    0.004000] console [tty1] enabled
[    0.004000] console [ttyS0] enabled
[    0.004000] ACPI: Core revision 20170831
[    0.004000] ACPI: 2 ACPI AML tables successfully acquired and loaded
[    0.004000] APIC: Switch to symmetric I/O mode setup
[    0.004000] x2apic enabled
[    0.004000] Switched APIC routing to physical x2apic.
[    0.004000] ..TIMER: vector=0x30 apic1=0 pin1=2 apic2=-1 pin2=-1
[    0.004007] tsc: Detected 2303.998 MHz processor
[    0.004823] Calibrating delay loop (skipped) preset value.. 4607.99 BogoMIPS (lpj=9215992)
[    0.005450] pid_max: default: 32768 minimum: 301
[    0.006328] Security Framework initialized
[    0.008003] Yama: becoming mindful.
[    0.009198] AppArmor: AppArmor initialized
[    0.011209] Dentry cache hash table entries: 131072 (order: 8, 1048576 bytes)
[    0.012064] Inode-cache hash table entries: 65536 (order: 7, 524288 bytes)
[    0.013257] Mount-cache hash table entries: 2048 (order: 2, 16384 bytes)
[    0.014404] Mountpoint-cache hash table entries: 2048 (order: 2, 16384 bytes)
[    0.016209] CPU: Physical Processor ID: 0
[    0.016942] CPU: Processor Core ID: 0
[    0.017632] mce: CPU supports 0 MCE banks
[    0.018443] Last level iTLB entries: 4KB 64, 2MB 8, 4MB 8
[    0.019384] Last level dTLB entries: 4KB 64, 2MB 0, 4MB 0, 1GB 4
[    0.020002] Spectre V2 : Mitigation: Full generic retpoline
[    0.020997] Spectre V2 : Spectre v2 mitigation: Filling RSB on context switch
[    0.022288] Freeing SMP alternatives memory: 36K
[    0.028000] smpboot: CPU0: Intel(R) Core(TM) i5-7360U CPU @ 2.30GHz (family: 0x6, model: 0x8e, stepping: 0x9)
[    0.028000] Performance Events: unsupported p6 CPU model 142 no PMU driver, software events only.
[    0.028035] Hierarchical SRCU implementation.
[    0.029532] NMI watchdog: Perf event create on CPU 0 failed with -2
[    0.030887] NMI watchdog: Perf NMI watchdog permanently disabled
[    0.032047] smp: Bringing up secondary CPUs ...
[    0.033205] x86: Booting SMP configuration:
[    0.034216] .... node  #0, CPUs:      #1
[    0.004000] kvm-clock: cpu 1, msr 0:3ff44041, secondary cpu clock
[    0.004000] mce: CPU supports 0 MCE banks
[    0.040016] smp: Brought up 1 node, 2 CPUs
[    0.041186] smpboot: Max logical packages: 1
[    0.042089] smpboot: Total of 2 processors activated (9215.99 BogoMIPS)
[    0.043357] devtmpfs: initialized
[    0.044050] x86/mm: Memory block size: 128MB
[    0.045258] evm: security.selinux
[    0.045874] evm: security.SMACK64
[    0.046485] evm: security.SMACK64EXEC
[    0.047152] evm: security.SMACK64TRANSMUTE
[    0.048002] evm: security.SMACK64MMAP
[    0.048667] evm: security.apparmor
[    0.049310] evm: security.ima
[    0.050210] evm: security.capability
[    0.051075] clocksource: jiffies: mask: 0xffffffff max_cycles: 0xffffffff, max_idle_ns: 7645041785100000 ns
[    0.052007] futex hash table entries: 512 (order: 3, 32768 bytes)
[    0.053126] pinctrl core: initialized pinctrl subsystem
[    0.056111] RTC time: 18:34:18, date: 12/10/20
[    0.057148] NET: Registered protocol family 16
[    0.058016] audit: initializing netlink subsys (disabled)
[    0.060006] audit: type=2000 audit(1607625267.644:1): state=initialized audit_enabled=0 res=1
[    0.060113] cpuidle: using governor ladder
[    0.061186] cpuidle: using governor menu
[    0.061928] ACPI: bus type PCI registered
[    0.064003] acpiphp: ACPI Hot Plug PCI Controller Driver version: 0.5
[    0.065214] PCI: Using configuration type 1 for base access
[    0.066207] HugeTLB registered 2.00 MiB page size, pre-allocated 0 pages
[    0.068074] ACPI: Added _OSI(Module Device)
[    0.068843] ACPI: Added _OSI(Processor Device)
[    0.069636] ACPI: Added _OSI(3.0 _SCP Extensions)
[    0.070467] ACPI: Added _OSI(Processor Aggregator Device)
[    0.072346] ACPI: Executed 1 blocks of module-level executable AML code
[    0.077161] ACPI: Interpreter enabled
[    0.078251] ACPI: (supports S0 S5)
[    0.078877] ACPI: Using IOAPIC for interrupt routing
[    0.079976] PCI: Using host bridge windows from ACPI; if necessary, use "pci=nocrs" and report a bug
[    0.080172] ACPI: Enabled 2 GPEs in block 00 to 07
[    0.088489] ACPI: PCI Root Bridge [PCI0] (domain 0000 [bus 00-ff])
[    0.090340] acpi PNP0A03:00: _OSC: OS supports [ASPM ClockPM Segments MSI]
[    0.091903] acpi PNP0A03:00: _OSC: not requesting OS control; OS requires [ExtendedConfig ASPM ClockPM MSI]
[    0.092015] acpi PNP0A03:00: fail to add MMCONFIG information, can't access extended PCI configuration space under this bridge.
[    0.096410] PCI host bridge to bus 0000:00
[    0.097150] pci_bus 0000:00: root bus resource [io  0x0000-0x0cf7 window]
[    0.098319] pci_bus 0000:00: root bus resource [io  0x0d00-0xffff window]
[    0.099482] pci_bus 0000:00: root bus resource [mem 0x000a0000-0x000bffff window]
[    0.100004] pci_bus 0000:00: root bus resource [mem 0x40000000-0xfdffffff window]
[    0.101689] pci_bus 0000:00: root bus resource [bus 00-ff]
[    0.106013] pci 0000:00:01.1: legacy IDE quirk: reg 0x10: [io  0x01f0-0x01f7]
[    0.107370] pci 0000:00:01.1: legacy IDE quirk: reg 0x14: [io  0x03f6]
[    0.108003] pci 0000:00:01.1: legacy IDE quirk: reg 0x18: [io  0x0170-0x0177]
[    0.109214] pci 0000:00:01.1: legacy IDE quirk: reg 0x1c: [io  0x0376]
[    0.124998] pci 0000:00:07.0: quirk: [io  0x4000-0x403f] claimed by PIIX4 ACPI
[    0.126631] pci 0000:00:07.0: quirk: [io  0x4100-0x410f] claimed by PIIX4 SMB
[    0.133039] ACPI: PCI Interrupt Link [LNKA] (IRQs 5 9 10 *11)
[    0.135306] ACPI: PCI Interrupt Link [LNKB] (IRQs 5 9 *10 11)
[    0.136131] ACPI: PCI Interrupt Link [LNKC] (IRQs 5 *9 10 11)
[    0.137603] ACPI: PCI Interrupt Link [LNKD] (IRQs 5 9 10 *11)
[    0.138967] SCSI subsystem initialized
[    0.140033] pci 0000:00:02.0: vgaarb: setting as boot VGA device
[    0.141507] pci 0000:00:02.0: vgaarb: VGA device added: decodes=io+mem,owns=io+mem,locks=none
[    0.143001] pci 0000:00:02.0: vgaarb: bridge control possible
[    0.144008] vgaarb: loaded
[    0.144542] ACPI: bus type USB registered
[    0.145281] usbcore: registered new interface driver usbfs
[    0.146242] usbcore: registered new interface driver hub
[    0.147181] usbcore: registered new device driver usb
[    0.148050] EDAC MC: Ver: 3.0.0
[    0.148847] PCI: Using ACPI for IRQ routing
[    0.149221] NetLabel: Initializing
[    0.150274] NetLabel:  domain hash size = 128
[    0.152002] NetLabel:  protocols = UNLABELED CIPSOv4 CALIPSO
[    0.152998] NetLabel:  unlabeled traffic allowed by default
[    0.153986] clocksource: Switched to clocksource kvm-clock
[    0.166063] VFS: Disk quotas dquot_6.6.0
[    0.167124] VFS: Dquot-cache hash table entries: 512 (order 0, 4096 bytes)
[    0.168873] AppArmor: AppArmor Filesystem Enabled
[    0.169740] pnp: PnP ACPI init
[    0.171505] pnp: PnP ACPI: found 3 devices
[    0.180749] clocksource: acpi_pm: mask: 0xffffff max_cycles: 0xffffff, max_idle_ns: 2085701024 ns
[    0.182876] NET: Registered protocol family 2
[    0.185272] TCP established hash table entries: 8192 (order: 4, 65536 bytes)
[    0.186547] TCP bind hash table entries: 8192 (order: 5, 131072 bytes)
[    0.187707] TCP: Hash tables configured (established 8192 bind 8192)
[    0.188880] UDP hash table entries: 512 (order: 2, 16384 bytes)
[    0.189907] UDP-Lite hash table entries: 512 (order: 2, 16384 bytes)
[    0.191026] NET: Registered protocol family 1
[    0.191811] pci 0000:00:00.0: Limiting direct PCI/PCI transfers
[    0.192882] pci 0000:00:01.0: Activating ISA DMA hang workarounds
[    0.193980] pci 0000:00:02.0: Video device with shadowed ROM at [mem 0x000c0000-0x000dffff]
[    0.195515] Unpacking initramfs...
[    0.451137] Freeing initrd memory: 19020K
[    0.452535] platform rtc_cmos: registered platform RTC device (no PNP device found)
[    0.453945] Scanning for low memory corruption every 60 seconds
[    0.455556] Initialise system trusted keyrings
[    0.456865] Key type blacklist registered
[    0.457663] workingset: timestamp_bits=36 max_order=18 bucket_order=0
[    0.459650] zbud: loaded
[    0.460632] squashfs: version 4.0 (2009/01/31) Phillip Lougher
[    0.461882] fuse init (API version 7.26)
[    0.465724] Key type asymmetric registered
[    0.466700] Asymmetric key parser 'x509' registered
[    0.468078] Block layer SCSI generic (bsg) driver version 0.4 loaded (major 246)
[    0.469830] io scheduler noop registered
[    0.470544] io scheduler deadline registered
[    0.471352] io scheduler cfq registered (default)
[    0.472653] ACPI: AC Adapter [AC] (off-line)
[    0.473834] input: Power Button as /devices/LNXSYSTM:00/LNXPWRBN:00/input/input0
[    0.475222] ACPI: Power Button [PWRF]
[    0.475952] input: Sleep Button as /devices/LNXSYSTM:00/LNXSLPBN:00/input/input1
[    0.477313] ACPI: Sleep Button [SLPF]
[    0.479161] ACPI: Battery Slot [BAT0] (battery present)
[    0.480262] Serial: 8250/16550 driver, 32 ports, IRQ sharing enabled
[    0.500939] 00:02: ttyS0 at I/O 0x3f8 (irq = 4, base_baud = 115200) is a 16550A
[    0.503375] Linux agpgart interface v0.103
[    0.505510] loop: module loaded
[    0.507194] scsi host0: ata_piix
[    0.508375] scsi host1: ata_piix
[    0.509273] ata1: PATA max UDMA/33 cmd 0x1f0 ctl 0x3f6 bmdma 0xd000 irq 14
[    0.510663] ata2: PATA max UDMA/33 cmd 0x170 ctl 0x376 bmdma 0xd008 irq 15
[    0.511898] libphy: Fixed MDIO Bus: probed
[    0.512720] tun: Universal TUN/TAP device driver, 1.6
[    0.513686] PPP generic driver version 2.4.2
[    0.514475] ehci_hcd: USB 2.0 'Enhanced' Host Controller (EHCI) Driver
[    0.515591] ehci-pci: EHCI PCI platform driver
[    0.516410] ehci-platform: EHCI generic platform driver
[    0.517642] ohci_hcd: USB 1.1 'Open' Host Controller (OHCI) Driver
[    0.519138] ohci-pci: OHCI PCI platform driver
[    0.519931] ohci-platform: OHCI generic platform driver
[    0.520890] uhci_hcd: USB Universal Host Controller Interface driver
[    0.522041] i8042: PNP: PS/2 Controller [PNP0303:PS2K,PNP0f03:PS2M] at 0x60,0x64 irq 1,12
[    0.523886] serio: i8042 KBD port at 0x60,0x64 irq 1
[    0.525280] serio: i8042 AUX port at 0x60,0x64 irq 12
[    0.526264] mousedev: PS/2 mouse device common for all mice
[    0.527644] input: AT Translated Set 2 keyboard as /devices/platform/i8042/serio0/input/input2
[    0.529988] rtc_cmos rtc_cmos: rtc core: registered rtc_cmos as rtc0
[    0.531153] rtc_cmos rtc_cmos: alarms up to one day, 114 bytes nvram
[    0.532315] i2c /dev entries driver
[    0.533003] device-mapper: uevent: version 1.0.3
[    0.533928] device-mapper: ioctl: 4.37.0-ioctl (2017-09-20) initialised: dm-devel@redhat.com
[    0.535439] ledtrig-cpu: registered to indicate activity on CPUs
[    0.536928] NET: Registered protocol family 10
[    0.540840] Segment Routing with IPv6
[    0.541882] NET: Registered protocol family 17
[    0.542763] Key type dns_resolver registered
[    0.544119] RAS: Correctable Errors collector initialized.
[    0.545087] sched_clock: Marking stable (544086713, 0)->(830584247, -286497534)
[    0.546708] registered taskstats version 1
[    0.547794] Loading compiled-in X.509 certificates
[    0.550516] Loaded X.509 cert 'Build time autogenerated kernel key: f4ad6a5babf67650e4ceb385fa5dda8e4a178208'
[    0.552727] zswap: loaded using pool lzo/zbud
[    0.556543] Key type big_key registered
[    0.557425] Key type trusted registered
[    0.559463] Key type encrypted registered
[    0.560536] AppArmor: AppArmor sha1 policy hashing enabled
[    0.561495] ima: No TPM chip found, activating TPM-bypass! (rc=-19)
[    0.562601] evm: HMAC attrs: 0x1
[    0.563435]   Magic number: 0:727:594
[    0.564237] rtc_cmos rtc_cmos: setting system clock to 2020-12-10 18:34:18 UTC (1607625258)
[    0.565806] BIOS EDD facility v0.16 2004-Jun-25, 0 devices found
[    0.567501] EDD information not available.
[    0.822729] Freeing unused kernel memory: 2404K
[    0.824070] Write protecting the kernel read-only data: 20480k
[    0.825624] Freeing unused kernel memory: 2008K
[    0.829211] Freeing unused kernel memory: 1904K
[    0.835159] x86/mm: Checked W+X mappings: passed, no W+X pages found.
[    0.836887] x86/mm: Checking user space page tables
[    0.842327] x86/mm: Checked W+X mappings: passed, no W+X pages found.
Loading, please wait...
starting version 237
[    0.911447] e1000: Intel(R) PRO/1000 Network Driver - version 7.3.21-k8-NAPI
[    0.913724] e1000: Copyright (c) 1999-2006 Intel Corporation.
[    0.919658] Fusion MPT base driver 3.04.20
[    0.921496] Copyright (c) 1999-2008 LSI Corporation
[    0.990078] Fusion MPT SPI Host driver 3.04.20
[    1.001780] AVX2 version of gcm_enc/dec engaged.
[    1.002993] AES CTR mode by8 optimization enabled
[    1.167370] input: ImExPS/2 Generic Explorer Mouse as /devices/platform/i8042/serio1/input/input4
[    1.360759] e1000 0000:00:03.0 eth0: (PCI:33MHz:32-bit) 02:d8:8f:db:6c:f1
[    1.362624] e1000 0000:00:03.0 eth0: Intel(R) PRO/1000 Network Connection
[    1.365832] e1000 0000:00:03.0 enp0s3: renamed from eth0
[    1.367154] mptbase: ioc0: Initiating bringup
[    1.803366] tsc: Refined TSC clocksource calibration: 2304.002 MHz
[    1.805394] clocksource: tsc: mask: 0xffffffffffffffff max_cycles: 0x2135f9f0f74, max_idle_ns: 440795301392 ns
[    2.815491] ioc0: LSI53C1030 A0: Capabilities={Initiator}
[    5.939778] scsi host2: ioc0: LSI53C1030 A0, FwRev=00000000h, Ports=1, MaxQ=256, IRQ=20
[    8.813457] scsi 2:0:0:0: Direct-Access     VBOX     HARDDISK         1.0  PQ: 0 ANSI: 5
[    8.844602] scsi target2:0:0: Beginning Domain Validation
[    8.848998] scsi target2:0:0: Domain Validation skipping write tests
[    8.850275] scsi target2:0:0: Ending Domain Validation
[    8.851388] scsi target2:0:0: asynchronous
[    8.852979] scsi 2:0:1:0: Direct-Access     VBOX     HARDDISK         1.0  PQ: 0 ANSI: 5
[    8.884555] scsi target2:0:1: Beginning Domain Validation
[    8.888420] scsi target2:0:1: Domain Validation skipping write tests
[    8.889702] scsi target2:0:1: Ending Domain Validation
[    8.890822] scsi target2:0:1: asynchronous
[    8.896147] sd 2:0:0:0: Attached scsi generic sg0 type 0
[    8.897243] sd 2:0:0:0: [sda] 20971520 512-byte logical blocks: (10.7 GB/10.0 GiB)
[    8.898673] sd 2:0:0:0: [sda] Write Protect is off
[    8.899689] sd 2:0:0:0: [sda] Incomplete mode parameter data
[    8.900698] sd 2:0:0:0: [sda] Assuming drive cache: write through
[    8.902442] sd 2:0:1:0: [sdb] 20480 512-byte logical blocks: (10.5 MB/10.0 MiB)
[    8.902459] sd 2:0:1:0: Attached scsi generic sg1 type 0
[    8.905416] sd 2:0:1:0: [sdb] Write Protect is off
[    8.906387] sd 2:0:1:0: [sdb] Incomplete mode parameter data
[    8.907819] sd 2:0:1:0: [sdb] Assuming drive cache: write through
[    8.909330]  sda: sda1
[    8.911040] sd 2:0:0:0: [sda] Attached SCSI disk
[    8.911671] sd 2:0:1:0: [sdb] Attached SCSI disk
Begin: Loading essential drivers ... [   10.312034] raid6: sse2x1   gen() 12473 MB/s
[   10.360247] raid6: sse2x1   xor()  9079 MB/s
[   10.408198] raid6: sse2x2   gen() 15816 MB/s
[   10.456234] raid6: sse2x2   xor() 10298 MB/s
[   10.504339] raid6: sse2x4   gen() 17808 MB/s
[   10.552033] raid6: sse2x4   xor() 11415 MB/s
[   10.600038] raid6: avx2x1   gen() 24480 MB/s
[   10.648225] raid6: avx2x1   xor() 17298 MB/s
[   10.696561] raid6: avx2x2   gen() 29460 MB/s
[   10.744369] raid6: avx2x2   xor() 18156 MB/s
[   10.792259] raid6: avx2x4   gen() 34947 MB/s
[   10.840143] raid6: avx2x4   xor() 20585 MB/s
[   10.841220] raid6: using algorithm avx2x4 gen() 34947 MB/s
[   10.842520] raid6: .... xor() 20585 MB/s, rmw enabled
[   10.843762] raid6: using avx2x2 recovery algorithm
[   10.846188] xor: automatically using best checksumming function   avx       
[   10.849954] async_tx: api initialized (async)
done.
Begin: Running /scripts/init-premount ... done.
Begin: Mounting root file system ... Begin: Running /scripts/local-top ... done.
Begin: Running /scripts/local-premount ... [   10.919849] Btrfs loaded, crc32c=crc32c-intel
Scanning for Btrfs filesystems
done.
Warning: fsck not present, so skipping root file system
[   10.958075] EXT4-fs (sda1): mounted filesystem with ordered data mode. Opts: (null)
done.
Begin: Running /scripts/local-bottom ... done.
Begin: Running /scripts/init-bottom ... done.
[   11.523921] ip_tables: (C) 2000-2006 Netfilter Core Team
[   11.567920] systemd[1]: systemd 237 running in system mode. (+PAM +AUDIT +SELINUX +IMA +APPARMOR +SMACK +SYSVINIT +UTMP +LIBCRYPTSETUP +GCRYPT +GNUTLS +ACL +XZ +LZ4 +SECCOMP +BLKID +ELFUTILS +KMOD -IDN2 +IDN -PCRE2 default-hierarchy=hybrid)
[   11.572728] systemd[1]: Detected virtualization oracle.
[   11.573812] systemd[1]: Detected architecture x86-64.

Welcome to [1mUbuntu 18.04.5 LTS[0m!

[   11.593882] systemd[1]: Set hostname to <ubuntu>.
[   11.620142] systemd[1]: Initializing machine ID from random generator.
[   11.622156] systemd[1]: Installed transient /etc/machine-id file.
[   12.194611] systemd[1]: Created slice User and Session Slice.
[[0;32m  OK  [0m] Created slice User and Session Slice.
[   12.196831] systemd[1]: Reached target System Time Synchronized.
[[0;32m  OK  [0m] Reached target System Time Synchronized.
[   12.199301] systemd[1]: Reached target Swap.
[[0;32m  OK  [0m] Reached target Swap.
[   12.201293] systemd[1]: Started Forward Password Requests to Wall Directory Watch.
[[0;32m  OK  [0m] Started Forward Password Requests to Wall Directory Watch.
[[0;32m  OK  [0m] Reached target User and Group Name Lookups.
[[0;32m  OK  [0m] Set up automount Arbitrary Executabâ€¦rmats File System Automount Point.
[[0;32m  OK  [0m] Created slice System Slice.
[[0;32m  OK  [0m] Listening on /dev/initctl Compatibility Named Pipe.
[[0;32m  OK  [0m] Listening on udev Control Socket.
[[0;32m  OK  [0m] Listening on Network Service Netlink Socket.
[[0;32m  OK  [0m] Listening on Journal Socket (/dev/log).
[[0;32m  OK  [0m] Listening on Journal Audit Socket.
[[0;32m  OK  [0m] Reached target Slices.
[[0;32m  OK  [0m] Listening on udev Kernel Socket.
[[0;32m  OK  [0m] Listening on Journal Socket.
         Mounting Huge Pages File System...
         Starting udev Coldplug all Devices...
         Starting Remount Root and Kernel File Systems...
         Mounting POSIX Message Queue File System...
[[0;32m  OK  [0m] Created slice system-serial\x2dgetty.slice.
         Starting Load Kernel Modules...
[[0;32m  OK  [0m] Listening on Device-mapper event daemon FIFOs.
         Starting Uncomplicated firewall...
         [   12.260021] random: crng init done
Starting Set the console keyboard layout...
         Starting Create list of required stâ€¦ce nodes for the current kernel...
[[0;32m  OK  [0m] Listening on LVM2 metadata daemon socket.
         Starting Monitoring of LVM2 mirrorsâ€¦ng dmeventd or progress polling...
[[0;32m  OK  [0m] Listening on LVM2 poll daemon socket.
[   12.269323] Loading iSCSI transport class v2.0-870.
[   12.276322] iscsi: registered transport (tcp)
         Mounting Kernel Debug File System...
[[0;32m  OK  [0m] Listening on Syslog Socket.
         Starting Journal Service...
[[0;32m  OK  [0m] Mounted Huge Pages File System.
[[0;32m  OK  [0m] Mounted POSIX Message Queue File System.
[[0;32m  OK  [0m] Mounted Kernel Debug File System.
[   12.302663] iscsi: registered transport (iser)
[[0;32m  OK  [0m] Started Load Kernel Modules.
         Mounting Kernel Configuration File System...
         Starting Apply Kernel Variables...
         Mounting FUSE Control File System...
[[0;32m  OK  [0m] Started Uncomplicated firewall.
[[0;32m  OK  [0m] Mounted FUSE Control File System.
[[0;32m  OK  [0m] Started udev Coldplug all Devices.
[   12.323438] EXT4-fs (sda1): re-mounted. Opts: (null)
[[0;32m  OK  [0m] Started Remount Root and Kernel File Systems.
[[0;32m  OK  [0m] Started Create list of required staâ€¦vice nodes for the current kernel.
[[0;32m  OK  [0m] Mounted Kernel Configuration File System.
         Starting Create Static Device Nodes in /dev...
         Starting Load/Save Random Seed...
[[0;32m  OK  [0m] Started Journal Service.
         Starting Flush Journal to Persistent Storage...
[[0;32m  OK  [0m] Started Load/Save Random Seed.
[[0;32m  OK  [0m] Started Apply Kernel Variables.
[[0;32m  OK  [0m] Started LVM2 metadata daemon.
[[0;32m  OK  [0m] Started Create Static Device Nodes in /dev.
         Starting udev Kernel Device Manager...
[[0;32m  OK  [0m] Started Flush Journal to Persistent Storage.
[[0;32m  OK  [0m] Started Set the console keyboard layout.
[[0;32m  OK  [0m] Started udev Kernel Device Manager.
[[0;32m  OK  [0m] Started Dispatch Password Requests to Console Directory Watch.
[[0;32m  OK  [0m] Reached target Local Encrypted Volumes.
[[0;32m  OK  [0m] Started Monitoring of LVM2 mirrors,â€¦sing dmeventd or progress polling.
[[0;32m  OK  [0m] Reached target Local File Systems (Pre).
[[0;32m  OK  [0m] Reached target Local File Systems.
         Starting ebtables ruleset management...
         Starting AppArmor initialization...
         Starting Commit a transient machine-id on disk...
         Starting Tell Plymouth To Write Out Runtime Data...
         Starting Set console font and keymap...
         Starting Create Volatile Files and Directories...
[[0;32m  OK  [0m] Started Tell Plymouth To Write Out Runtime Data.
[[0;32m  OK  [0m] Started Set console font and keymap.
[[0;32m  OK  [0m] Started Commit a transient machine-id on disk.
[[0;32m  OK  [0m] Started Create Volatile Files and Directories.
         Starting Update UTMP about System Boot/Shutdown...
[[0;32m  OK  [0m] Started Update UTMP about System Boot/Shutdown.
[[0;32m  OK  [0m] Found device /dev/ttyS0.
[[0;32m  OK  [0m] Started ebtables ruleset management.
[[0;32m  OK  [0m] Listening on Load/Save RF Kill Switch Status /dev/rfkill Watch.
[[0;32m  OK  [0m] Started AppArmor initialization.
         Starting Initial cloud-init job (pre-networking)...
         Starting Load AppArmor profiles managed internally by snapd...
[[0;32m  OK  [0m] Started Load AppArmor profiles managed internally by snapd.
[   15.497301] cloud-init[554]: Cloud-init v. 20.3-2-g371b392c-0ubuntu1~18.04.1 running 'init-local' at Thu, 10 Dec 2020 18:34:33 +0000. Up 15.12 seconds.
[[0;32m  OK  [0m] Started Initial cloud-init job (pre-networking).
[[0;32m  OK  [0m] Reached target Network (Pre).
         Starting Network Service...
[[0;32m  OK  [0m] Started Network Service.
         Starting Network Name Resolution...
         Starting Wait for Network to be Configured...
[[0;32m  OK  [0m] Started Network Name Resolution.
[[0;32m  OK  [0m] Reached target Host and Network Name Lookups.
[[0;32m  OK  [0m] Reached target Network.
[[0;32m  OK  [0m] Started Wait for Network to be Configured.
         Starting Initial cloud-init job (metadata service crawler)...
[   17.430954] cloud-init[695]: Cloud-init v. 20.3-2-g371b392c-0ubuntu1~18.04.1 running 'init' at Thu, 10 Dec 2020 18:34:35 +0000. Up 17.31 seconds.
[   17.432932] cloud-init[695]: ci-info: ++++++++++++++++++++++++++++++++++++++Net device info++++++++++++++++++++++++++++++++++++++
[   17.434605] cloud-init[695]: ci-info: +--------+------+----------------------------+---------------+--------+-------------------+
[   17.436348] cloud-init[695]: ci-info: | Device |  Up  |          Address           |      Mask     | Scope  |     Hw-Address    |
[   17.438014] cloud-init[695]: ci-info: +--------+------+----------------------------+---------------+--------+-------------------+
[   17.439712] cloud-init[695]: ci-info: | enp0s3 | True |         10.0.2.15          | 255.255.255.0 | global | 02:d8:8f:db:6c:f1 |
[   17.441762] cloud-init[695]: ci-info: | enp0s3 | True | fe80::d8:8fff:fedb:6cf1/64 |       .       |  link  | 02:d8:8f:db:6c:f1 |
[   17.443679] cloud-init[695]: ci-info: |   lo   | True |         127.0.0.1          |   255.0.0.0   |  host  |         .         |
[   17.445573] cloud-init[695]: ci-info: |   lo   | True |          ::1/128           |       .       |  host  |         .         |
[   17.447292] cloud-init[695]: ci-info: +--------+------+----------------------------+---------------+--------+-------------------+
[   17.450676] cloud-init[695]: ci-info: ++++++++++++++++++++++++++++Route IPv4 info+++++++++++++++++++++++++++++
[   17.453086] cloud-init[695]: ci-info: +-------+-------------+----------+-----------------+-----------+-------+
[   17.455108] cloud-init[695]: ci-info: | Route | Destination | Gateway  |     Genmask     | Interface | Flags |
[   17.456490] cloud-init[695]: ci-info: +-------+-------------+----------+-----------------+-----------+-------+
[   17.458354] cloud-init[695]: ci-info: |   0   |   0.0.0.0   | 10.0.2.2 |     0.0.0.0     |   enp0s3  |   UG  |
[   17.459839] cloud-init[695]: ci-info: |   1   |   10.0.2.0  | 0.0.0.0  |  255.255.255.0  |   enp0s3  |   U   |
[   17.461319] cloud-init[695]: ci-info: |   2   |   10.0.2.2  | 0.0.0.0  | 255.255.255.255 |   enp0s3  |   UH  |
[   17.463060] cloud-init[695]: ci-info: +-------+-------------+----------+-----------------+-----------+-------+
[   17.464126] cloud-init[695]: ci-info: +++++++++++++++++++Route IPv6 info+++++++++++++++++++
[   17.465299] cloud-init[695]: ci-info: +-------+-------------+---------+-----------+-------+
[   17.466451] cloud-init[695]: ci-info: | Route | Destination | Gateway | Interface | Flags |
[   17.467761] cloud-init[695]: ci-info: +-------+-------------+---------+-----------+-------+
[   17.469035] cloud-init[695]: ci-info: |   1   |  fe80::/64  |    ::   |   enp0s3  |   U   |
[   17.470335] cloud-init[695]: ci-info: |   3   |    local    |    ::   |   enp0s3  |   U   |
[   17.471675] cloud-init[695]: ci-info: |   4   |   ff00::/8  |    ::   |   enp0s3  |   U   |
[   17.473115] cloud-init[695]: ci-info: +-------+-------------+---------+-----------+-------+
[   19.283038] cloud-init[695]: Generating public/private rsa key pair.
[   19.283922] cloud-init[695]: Your identification has been saved in /etc/ssh/ssh_host_rsa_key.
[   19.285032] cloud-init[695]: Your public key has been saved in /etc/ssh/ssh_host_rsa_key.pub.
[   19.286030] cloud-init[695]: The key fingerprint is:
[   19.286691] cloud-init[695]: SHA256:we9Y5iDaEahRUdeXaozK4RNDa7+uPYGhiH8GsPk1MqI root@ubuntu-bionic
[   19.287911] cloud-init[695]: The key's randomart image is:
[   19.288625] cloud-init[695]: +---[RSA 2048]----+
[   19.300247] cloud-init[695]: |    oo. ..   .   |
[   19.300715] cloud-init[695]: |   . ..o  . o    |
[   19.301352] cloud-init[695]: |  . ....oo o     |
[   19.301987] cloud-init[695]: |.  o  B..o+      |
[   19.302619] cloud-init[695]: | =.. =oOS.+      |
[   19.303265] cloud-init[695]: |= = +o*ooB       |
[   19.303909] cloud-init[695]: |.+ =.....oo      |
[   19.304648] cloud-init[695]: |E o o  .o        |
[   19.305268] cloud-init[695]: |   o  .oo.       |
[   19.305973] cloud-init[695]: +----[SHA256]-----+
[   19.306650] cloud-init[695]: Generating public/private dsa key pair.
[   19.307487] cloud-init[695]: Your identification has been saved in /etc/ssh/ssh_host_dsa_key.
[   19.308834] cloud-init[695]: Your public key has been saved in /etc/ssh/ssh_host_dsa_key.pub.
[   19.309929] cloud-init[695]: The key fingerprint is:
[   19.310605] cloud-init[695]: SHA256:O83sTdPxuO/DR83KJDHo4C3nEjhdLHjLGAfLf3IUkhg root@ubuntu-bionic
[   19.311768] cloud-init[695]: The key's randomart image is:
[   19.312539] cloud-init[695]: +---[DSA 1024]----+
[   19.324275] cloud-init[695]: |      Eo .       |
[   19.324753] cloud-init[695]: |      o o .      |
[   19.325403] cloud-init[695]: |     . + o o     |
[   19.326098] cloud-init[695]: |      = = = o    |
[   19.326769] cloud-init[695]: |       @SO   o...|
[   19.327455] cloud-init[695]: |      + X=* ...++|
[   19.328024] cloud-init[695]: |       .oO+ o++o.|
[   19.328706] cloud-init[695]: |        .o.o .o+.|
[   19.329381] cloud-init[695]: |         .. . .o=|
[   19.330068] cloud-init[695]: +----[SHA256]-----+
[   19.330671] cloud-init[695]: Generating public/private ecdsa key pair.
[   19.331717] cloud-init[695]: Your identification has been saved in /etc/ssh/ssh_host_ecdsa_key.
[   19.332782] cloud-init[695]: Your public key has been saved in /etc/ssh/ssh_host_ecdsa_key.pub.
[   19.333799] cloud-init[695]: The key fingerprint is:
[   19.334448] cloud-init[695]: SHA256:9pwPtZVpiMJDyfr3CPELF0CEc2W9lYKoPeyZOUATDQU root@ubuntu-bionic
[   19.335669] cloud-init[695]: The key's randomart image is:
[   19.336376] cloud-init[695]: +---[ECDSA 256]---+
[   19.337045] cloud-init[695]: |      EO+ooo   . |
[   19.337549] cloud-init[695]: |      =o+o. o o  |
[   19.338141] cloud-init[695]: |     . B=    +   |
[   19.338719] cloud-init[695]: |      o++. ... o |
[   19.339490] cloud-init[695]: |      .oS=o o =  |
[   19.340192] cloud-init[695]: |       o*B + +   |
[   19.340953] cloud-init[695]: |        +.O .    |
[   19.341598] cloud-init[695]: |         = *     |
[   19.342249] cloud-init[695]: |          o o    |
[   19.343062] cloud-init[695]: +----[SHA256]-----+
[   19.343867] cloud-init[695]: Generating public/private ed25519 key pair.
[   19.345063] cloud-init[695]: Your identification has been saved in /etc/ssh/ssh_host_ed25519_key.
[   19.346607] cloud-init[695]: Your public key has been saved in /etc/ssh/ssh_host_ed25519_key.pub.
[   19.348195] cloud-init[695]: The key fingerprint is:
[   19.349076] cloud-init[695]: SHA256:i7ex0m17KvDzPG/bNTV2sWQpZcFmoEBc7IwGH5o0meA root@ubuntu-bionic
[   19.350628] cloud-init[695]: The key's randomart image is:
[   19.351592] cloud-init[695]: +--[ED25519 256]--+
[   19.352497] cloud-init[695]: |     .. =oo. .o+.|
[   19.353299] cloud-init[695]: |    .  * o... o+.|
[   19.354107] cloud-init[695]: |     E. * =. .o= |
[   19.354915] cloud-init[695]: |       o + o  + o|
[   19.355719] cloud-init[695]: |        S      +o|
[   19.356618] cloud-init[695]: |      .. .    . +|
[   19.357438] cloud-init[695]: |      .++.     ..|
[   19.358089] cloud-init[695]: |      ..==+ o. ..|
[   19.358755] cloud-init[695]: |       .o==Bo..  |
[   19.359416] cloud-init[695]: +----[SHA256]-----+
[[0;32m  OK  [0m] Started Initial cloud-init job (metadata service crawler).
[[0;32m  OK  [0m] Reached target Cloud-config availability.
[[0;32m  OK  [0m] Reached target Network is Online.
         Starting Availability of block devices...
[[0;32m  OK  [0m] Reached target Remote File Systems (Pre).
[[0;32m  OK  [0m] Reached target Remote File Systems.
[[0;32m  OK  [0m] Reached target System Initialization.
         Starting Socket activation for snappy daemon.
[[0;32m  OK  [0m] Listening on ACPID Listen Socket.
[[0;32m  OK  [0m] Started Daily apt download activities.
[[0;32m  OK  [0m] Listening on UUID daemon activation socket.
[[0;32m  OK  [0m] Listening on Open-iSCSI iscsid Socket.
[[0;32m  OK  [0m] Started Daily apt upgrade and clean activities.
[[0;32m  OK  [0m] Started Discard unused blocks once a week.
[[0;32m  OK  [0m] Listening on D-Bus System Message Bus Socket.
[[0;32m  OK  [0m] Started ACPI Events Check.
[[0;32m  OK  [0m] Reached target Paths.
[[0;32m  OK  [0m] Started Message of the Day.
[[0;32m  OK  [0m] Started Daily Cleanup of Temporary Directories.
[[0;32m  OK  [0m] Reached target Timers.
         Starting LXD - unix socket.
[[0;32m  OK  [0m] Started Availability of block devices.
[[0;32m  OK  [0m] Listening on Socket activation for snappy daemon.
[[0;32m  OK  [0m] Listening on LXD - unix socket.
[[0;32m  OK  [0m] Reached target Sockets.
[[0;32m  OK  [0m] Reached target Basic System.
         Starting Pollinate to seed the pseudo random number generator...
[[0;32m  OK  [0m] Started Deferred execution scheduler.
         Starting LXD - container startup/shutdown...
         Starting System Logging Service...
         Starting LSB: Record successful boot for GRUB...
         Starting Login Service...
         Starting Permit User Sessions...
[[0;32m  OK  [0m] Started FUSE filesystem for LXC.
         Starting LSB: automatic crash report generation...
[[0;32m  OK  [0m] Started irqbalance daemon.
         Starting Accounts Service...
[[0;32m  OK  [0m] Started D-Bus System Message Bus.
         Starting Virtualbox guest utils...
[[0;32m  OK  [0m] Started Regular background program processing daemon.
         Starting Dispatcher daemon for systemd-networkd...
         Starting Snap Daemon...
[[0;32m  OK  [0m] Started System Logging Service.
[[0;32m  OK  [0m] Started Permit User Sessions.
[[0;32m  OK  [0m] Started Login Service.
         Starting Authorization Manager...
[[0;32m  OK  [0m] Started Unattended Upgrades Shutdown.
         Starting Hold until boot process finishes up...
         Starting Terminate Plymouth Boot Screen...
[[0;32m  OK  [0m] Started Hold until boot process finishes up.
         Starting Set console scheme...
[[0;32m  OK  [0m] Started Serial Getty on ttyS0.
[[0;32m  OK  [0m] Started Terminate Plymouth Boot Screen.
[[0;32m  OK  [0m] Started Set console scheme.
[[0;32m  OK  [0m] Created slice system-getty.slice.
[[0;32m  OK  [0m] Started Getty on tty1.
[[0;32m  OK  [0m] Reached target Login Prompts.
[[0;32m  OK  [0m] Started LSB: automatic crash report generation.
[[0;32m  OK  [0m] Started Authorization Manager.
[[0;32m  OK  [0m] Started Accounts Service.
[[0;32m  OK  [0m] Started LSB: Record successful boot for GRUB.
[[0;32m  OK  [0m] Started Virtualbox guest utils.
[[0;32m  OK  [0m] Started LXD - container startup/shutdown.
[[0;32m  OK  [0m] Started Dispatcher daemon for systemd-networkd.
[[0;32m  OK  [0m] Started Snap Daemon.
         Starting Wait until snapd is fully seeded...
[[0;32m  OK  [0m] Started Pollinate to seed the pseudo random number generator.
         Starting OpenBSD Secure Shell server...
[[0;32m  OK  [0m] Started OpenBSD Secure Shell server.
[[0;32m  OK  [0m] Created slice User Slice of vagrant.
         Starting User Manager for UID 1000...
[[0;32m  OK  [0m] Started Session 1 of user vagrant.
[[0;32m  OK  [0m] Started User Manager for UID 1000.
[   26.305036] cloud-init[1400]: Cloud-init v. 20.3-2-g371b392c-0ubuntu1~18.04.1 running 'modules:config' at Thu, 10 Dec 2020 18:34:43 +0000. Up 25.90 seconds.

Ubuntu 18.04.5 LTS ubuntu-bionic ttyS0

ubuntu-bionic login: ci-info: no authorized SSH keys fingerprints found for user ubuntu.
<14>Dec 10 18:34:44 ec2: 
<14>Dec 10 18:34:44 ec2: #############################################################
<14>Dec 10 18:34:44 ec2: -----BEGIN SSH HOST KEY FINGERPRINTS-----
<14>Dec 10 18:34:44 ec2: 1024 SHA256:O83sTdPxuO/DR83KJDHo4C3nEjhdLHjLGAfLf3IUkhg root@ubuntu-bionic (DSA)
<14>Dec 10 18:34:44 ec2: 256 SHA256:9pwPtZVpiMJDyfr3CPELF0CEc2W9lYKoPeyZOUATDQU root@ubuntu-bionic (ECDSA)
<14>Dec 10 18:34:44 ec2: 256 SHA256:i7ex0m17KvDzPG/bNTV2sWQpZcFmoEBc7IwGH5o0meA root@ubuntu-bionic (ED25519)
<14>Dec 10 18:34:44 ec2: 2048 SHA256:we9Y5iDaEahRUdeXaozK4RNDa7+uPYGhiH8GsPk1MqI root@ubuntu-bionic (RSA)
<14>Dec 10 18:34:44 ec2: -----END SSH HOST KEY FINGERPRINTS-----
<14>Dec 10 18:34:44 ec2: #############################################################
-----BEGIN SSH HOST KEY KEYS-----
ecdsa-sha2-nistp256 AAAAE2VjZHNhLXNoYTItbmlzdHAyNTYAAAAIbmlzdHAyNTYAAABBBOrVgJBHgPCVd+oeuSTZblTGSM0tZRZgBlob9REAsc2f+bkCSUJq99ZUEsOK4A/chcUXq0fIl6hGHeVVADse5+k= root@ubuntu-bionic
ssh-ed25519 AAAAC3NzaC1lZDI1NTE5AAAAIC/TWX1DObdnhILENyBybsYQmLydT4fGACiVF95jFB5G root@ubuntu-bionic
ssh-rsa AAAAB3NzaC1yc2EAAAADAQABAAABAQCxVI1QB9myU5dMz1CJ+xPYBQnn3zL+1VV5JJTahFWpRD3Ex0Gxi23vuyByPfEnHOMlUfADXdG5v15hQOy8h8HcGsNyvpTklr4mm3cOTceo9+b2nNCZ44TJLItdbqB209Fk+2PW4Tiyg7VGpnT1irWNxMcou6FQ4nCiG2ZehUiU679hmwXD6B2W9CNP685hJGXCEbN0gK76+aUM4gCOW8wZkQVZ3+V06BepDOaqfgWS/R9sVkY0uPLC83uhLoXiOa+jmhoXOORhBPPS/Jl4YVw/mLSB685On6GNEFFBOgcLP395Js6PC+Gw243K3Tg8UoQ0DnWURFf2AzDhFaknCghv root@ubuntu-bionic
-----END SSH HOST KEY KEYS-----
[   26.927636] cloud-init[1635]: Cloud-init v. 20.3-2-g371b392c-0ubuntu1~18.04.1 running 'modules:final' at Thu, 10 Dec 2020 18:34:44 +0000. Up 26.79 seconds.
[   26.927729] cloud-init[1635]: ci-info: no authorized SSH keys fingerprints found for user ubuntu.
[   26.929008] cloud-init[1635]: Cloud-init v. 20.3-2-g371b392c-0ubuntu1~18.04.1 finished at Thu, 10 Dec 2020 18:34:44 +0000. Datasource DataSourceNoCloud [seed=/dev/sdb][dsmode=net].  Up 26.92 seconds
